// Jest Snapshot v1, https://goo.gl/fbAQLP

exports[`reformatting examples 1`] = `
"<div className=\\"w2 h1 pv2 red bg-transparent\\" />;
"
`;

exports[`reformatting examples 2`] = `
"<div className=\\"w-50 h2 ph2 pv2 unknown\\" />;
"
`;

exports[`reformatting examples 3`] = `
"<div className=\\"dib fl pa2 mr3 black-50 hover-black bg-white ba b--black-30 br2 pointer\\" />;
"
`;

exports[`reformatting examples 4`] = `
"<div className=\\"h2\\" />;
"
`;

exports[`reformatting examples 5`] = `
"<div className=\\"inline-flex flex-column\\" />;
"
`;
